2026-04-08 22:36:25,810 - INFO - Building Aircraft...
2026-04-08 22:36:27,925 - INFO - Importing Fuselage File...
2026-04-08 22:36:33,604 - INFO - Modeled Wing...
2026-04-08 22:36:39,154 - INFO - Modeled HStab...
2026-04-08 22:36:44,764 - INFO - Modeled VStab...
2026-04-08 22:36:44,998 - INFO - Successfully modeled aircraft, saved to c:\Users\14153\Desktop\Skewl\EAE 130\Python\EAE130_aircraft_design\Surface_to_VSP\F24HH_2.vsp3
2026-04-08 22:36:44,998 - INFO - Setting up CompGeom Run...
2026-04-08 22:36:47,076 - INFO - Loaded c:\Users\14153\Desktop\Skewl\EAE 130\Python\EAE130_aircraft_design\Surface_to_VSP\F24HH_2.vsp3...
2026-04-08 22:36:47,076 - INFO - Running CompGeom on c:\Users\14153\Desktop\Skewl\EAE 130\Python\EAE130_aircraft_design\Surface_to_VSP\F24HH_2.vsp3, Set 22...
2026-04-08 22:36:48,054 - INFO - Succesfully ran CompGeom.
2026-04-08 22:36:48,085 - INFO - Calculating Wing Weight...
2026-04-08 22:36:48,085 - INFO - Wing Weight = 3937.22 lbf;   Wing Mass = 122.37slugs
2026-04-08 22:36:48,085 - INFO - Wing Weight Parameters:
2026-04-08 22:36:48,086 - INFO - Calculating HStab Weight
2026-04-08 22:36:48,086 - INFO - HStab Weight = 449.81 lbf;   HStab Mass = 13.98 slugs
2026-04-08 22:36:48,086 - INFO - HStab Weight Parameters:
2026-04-08 22:36:48,086 - INFO - Calculating VStab Weight
2026-04-08 22:36:48,086 - INFO - VStab Weight = 893.62 lbf;   VStab Mass = 27.77 slugs
2026-04-08 22:36:48,086 - INFO - VStab Weights Parameters:
2026-04-08 22:36:48,086 - INFO - Calculating Mass of Fuel in Wing Tanks...
2026-04-08 22:36:48,086 - INFO - Volume of Integral Wing Tanks: 578.26 gal;   Weight of Fuel in Wing Tanks: 3845.44 lbf;   Mass of Fuel in Wing Tanks: 119.52 slugs
2026-04-08 22:36:48,090 - INFO - Total Weight of Flying Surfaces = 5280.64 lbf;   Total Mass of Flying Surfaces = 164.13 slugs
2026-04-08 22:36:48,090 - INFO - Assigning densities to c:\Users\14153\Desktop\Skewl\EAE 130\Python\EAE130_aircraft_design\Surface_to_VSP\F24HH_2.vsp3...
2026-04-08 22:36:49,655 - INFO - Setting the density of the Wing...
2026-04-08 22:36:49,682 - INFO - Setting the density of the HStab...
2026-04-08 22:36:49,682 - INFO - Setting the density of the VStab...
2026-04-08 22:36:49,682 - INFO - Setting the density of the Fuel Tanks...
2026-04-08 22:36:49,683 - INFO - Succesfully Assigned Masses to c:\Users\14153\Desktop\Skewl\EAE 130\Python\EAE130_aircraft_design\Surface_to_VSP\F24HH_2.vsp3
2026-04-08 22:36:49,906 - INFO - Setting up a Mass Properties Analysis...
2026-04-08 22:36:49,907 - INFO - Running a Mass Properties Analysis...
2026-04-08 22:37:39,710 - INFO - Calculated Mass Properties: Total Mass = (1135.8910573226394,) slugs;   XCG = 26.594752242659666
2026-04-08 22:37:42,481 - INFO - Setting up a VSPAERO Steady Neutral Point Analysis...
2026-04-08 22:37:42,510 - INFO - Initialized Steady NP Case...
2026-04-08 22:37:42,642 - INFO - Computing VSPAERO Mesh
2026-04-08 22:37:42,709 - INFO - Running VSPAERO Steady Case...
2026-04-08 22:38:09,875 - INFO - X Neutral Point: 25.943
2026-04-08 22:38:09,875 - INFO - Static Margin: -0.0509
